127.0.0.1 - - [07/May/2014:15:45:49 +0800] "GET / HTTP/1.1" 200 4687
127.0.0.1 - - [07/May/2014:15:45:49 +0800] "GET /logo_i.gif HTTP/1.1" 200 4732
127.0.0.1 - - [07/May/2014:15:45:49 +0800] "GET /dossier.gif HTTP/1.1" 200 893
127.0.0.1 - - [07/May/2014:15:45:49 +0800] "GET /favicon.ico HTTP/1.1" 404 209
127.0.0.1 - - [07/May/2014:15:45:53 +0800] "GET /phpmyadmin/ HTTP/1.1" 200 2471
127.0.0.1 - - [07/May/2014:15:45:53 +0800] "GET /phpmyadmin/js/querywindow.js HTTP/1.1" 200 11069
127.0.0.1 - - [07/May/2014:15:45:53 +0800] "GET /phpmyadmin/navigation.php?lang=zh-utf-8&convcharset=iso-8859-1&collation_connection=utf8_unicode_ci&token=d1d7531740f2eb8080cd87fd30238711 HTTP/1.1" 200 1143
127.0.0.1 - - [07/May/2014:15:45:53 +0800] "GET /phpmyadmin/js/navigation.js HTTP/1.1" 200 3916
127.0.0.1 - - [07/May/2014:15:45:53 +0800] "GET /phpmyadmin/js/functions.js HTTP/1.1" 200 40801
127.0.0.1 - - [07/May/2014:15:45:53 +0800] "GET /phpmyadmin/main.php?lang=zh-utf-8&convcharset=iso-8859-1&collation_connection=utf8_unicode_ci&token=d1d7531740f2eb8080cd87fd30238711 HTTP/1.1" 200 7703
127.0.0.1 - - [07/May/2014:15:45:53 +0800] "GET /phpmyadmin/js/tooltip.js HTTP/1.1" 200 5228
127.0.0.1 - - [07/May/2014:15:45:53 +0800] "GET /phpmyadmin/phpmyadmin.css.php?token=d1d7531740f2eb8080cd87fd30238711&js_frame=left&nocache=3788906885 HTTP/1.1" 200 3959
127.0.0.1 - - [07/May/2014:15:45:53 +0800] "GET /phpmyadmin/themes/original/img/logo_left.png HTTP/1.1" 200 6854
127.0.0.1 - - [07/May/2014:15:45:53 +0800] "GET /phpmyadmin/themes/original/img/b_home.png HTTP/1.1" 200 370
127.0.0.1 - - [07/May/2014:15:45:53 +0800] "GET /phpmyadmin/themes/original/img/b_selboard.png HTTP/1.1" 200 274
127.0.0.1 - - [07/May/2014:15:45:53 +0800] "GET /phpmyadmin/themes/original/img/b_sqlhelp.png HTTP/1.1" 200 287
127.0.0.1 - - [07/May/2014:15:45:53 +0800] "GET /phpmyadmin/themes/original/img/b_docs.png HTTP/1.1" 200 292
127.0.0.1 - - [07/May/2014:15:45:53 +0800] "GET /phpmyadmin/phpmyadmin.css.php?token=d1d7531740f2eb8080cd87fd30238711&js_frame=right&nocache=3788906885 HTTP/1.1" 200 20539
127.0.0.1 - - [07/May/2014:15:45:53 +0800] "GET /phpmyadmin/themes/original/img/logo_right.png HTTP/1.1" 200 5658
127.0.0.1 - - [07/May/2014:15:45:53 +0800] "GET /phpmyadmin/themes/original/img/s_host.png HTTP/1.1" 200 316
127.0.0.1 - - [07/May/2014:15:45:53 +0800] "GET /phpmyadmin/themes/original/img/item_ltr.png HTTP/1.1" 200 173
127.0.0.1 - - [07/May/2014:15:45:53 +0800] "GET /phpmyadmin/themes/original/img/b_newdb.png HTTP/1.1" 200 408
127.0.0.1 - - [07/May/2014:15:45:53 +0800] "GET /phpmyadmin/themes/original/img/b_help.png HTTP/1.1" 200 229
127.0.0.1 - - [07/May/2014:15:45:53 +0800] "GET /phpmyadmin/themes/original/img/s_asci.png HTTP/1.1" 200 254
127.0.0.1 - - [07/May/2014:15:45:53 +0800] "GET /phpmyadmin/themes/original/img/s_status.png HTTP/1.1" 200 313
127.0.0.1 - - [07/May/2014:15:45:53 +0800] "GET /phpmyadmin/themes/original/img/s_vars.png HTTP/1.1" 200 306
127.0.0.1 - - [07/May/2014:15:45:53 +0800] "GET /phpmyadmin/themes/original/img/s_process.png HTTP/1.1" 200 362
127.0.0.1 - - [07/May/2014:15:45:53 +0800] "GET /phpmyadmin/themes/original/img/b_engine.png HTTP/1.1" 200 362
127.0.0.1 - - [07/May/2014:15:45:53 +0800] "GET /phpmyadmin/themes/original/img/s_reload.png HTTP/1.1" 200 245
127.0.0.1 - - [07/May/2014:15:45:53 +0800] "GET /phpmyadmin/themes/original/img/s_rights.png HTTP/1.1" 200 512
127.0.0.1 - - [07/May/2014:15:45:53 +0800] "GET /phpmyadmin/themes/original/img/s_db.png HTTP/1.1" 200 285
127.0.0.1 - - [07/May/2014:15:45:53 +0800] "GET /phpmyadmin/themes/original/img/b_import.png HTTP/1.1" 200 310
127.0.0.1 - - [07/May/2014:15:45:53 +0800] "GET /phpmyadmin/themes/original/img/b_export.png HTTP/1.1" 200 313
127.0.0.1 - - [07/May/2014:15:45:53 +0800] "GET /phpmyadmin/themes/original/img/s_theme.png HTTP/1.1" 200 737
127.0.0.1 - - [07/May/2014:15:45:53 +0800] "GET /phpmyadmin/themes/original/img/s_lang.png HTTP/1.1" 200 422
127.0.0.1 - - [07/May/2014:15:45:53 +0800] "GET /phpmyadmin/themes/original/img/b_info.png HTTP/1.1" 200 234
127.0.0.1 - - [07/May/2014:15:45:53 +0800] "GET /phpmyadmin/themes/original/img/s_warn.png HTTP/1.1" 200 261
127.0.0.1 - - [07/May/2014:15:45:53 +0800] "GET /phpmyadmin/themes/original/img/window-new.png HTTP/1.1" 200 583
127.0.0.1 - - [07/May/2014:15:45:53 +0800] "GET /phpmyadmin/print.css HTTP/1.1" 200 1063
127.0.0.1 - - [07/May/2014:15:48:49 +0800] "GET /ChildhoodMemory/others/First_page.html HTTP/1.1" 200 11455
127.0.0.1 - - [07/May/2014:15:48:49 +0800] "GET /favicon.ico HTTP/1.1" 404 209
127.0.0.1 - - [07/May/2014:15:48:53 +0800] "GET /ChildhoodMemory/account/login.html HTTP/1.1" 200 2152
127.0.0.1 - - [07/May/2014:15:48:53 +0800] "GET /ChildhoodMemory/phpfile/function.php?id=-1 HTTP/1.1" 200 166
127.0.0.1 - - [07/May/2014:15:48:53 +0800] "GET /ChildhoodMemory/phpfile/function.php?id=-1 HTTP/1.1" 200 166
127.0.0.1 - - [07/May/2014:15:49:03 +0800] "GET /ChildhoodMemory/account/login.html HTTP/1.1" 304 -
127.0.0.1 - - [07/May/2014:15:49:03 +0800] "GET /ChildhoodMemory/css/custom_register.css HTTP/1.1" 200 640
127.0.0.1 - - [07/May/2014:15:49:03 +0800] "GET /ChildhoodMemory/phpfile/function.php?id=-1 HTTP/1.1" 200 166
127.0.0.1 - - [07/May/2014:15:49:03 +0800] "GET /ChildhoodMemory/js/jquery.js HTTP/1.1" 200 93106
127.0.0.1 - - [07/May/2014:15:49:03 +0800] "GET /ChildhoodMemory/css/bootstrap1.css HTTP/1.1" 200 126675
127.0.0.1 - - [07/May/2014:15:49:03 +0800] "GET /ChildhoodMemory/phpfile/function.php?id=-1 HTTP/1.1" 200 166
127.0.0.1 - - [07/May/2014:15:49:03 +0800] "GET /ChildhoodMemory/img/girl.jpg HTTP/1.1" 200 157627
127.0.0.1 - - [07/May/2014:15:49:04 +0800] "GET /ChildhoodMemory/account/login.html HTTP/1.1" 304 -
127.0.0.1 - - [07/May/2014:15:49:04 +0800] "GET /ChildhoodMemory/css/bootstrap1.css HTTP/1.1" 304 -
127.0.0.1 - - [07/May/2014:15:49:04 +0800] "GET /ChildhoodMemory/css/custom_register.css HTTP/1.1" 304 -
127.0.0.1 - - [07/May/2014:15:49:04 +0800] "GET /ChildhoodMemory/js/jquery.js HTTP/1.1" 304 -
127.0.0.1 - - [07/May/2014:15:49:04 +0800] "GET /ChildhoodMemory/phpfile/function.php?id=-1 HTTP/1.1" 200 166
127.0.0.1 - - [07/May/2014:15:49:04 +0800] "GET /ChildhoodMemory/img/girl.jpg HTTP/1.1" 304 -
127.0.0.1 - - [07/May/2014:15:49:04 +0800] "GET /ChildhoodMemory/phpfile/function.php?id=-1 HTTP/1.1" 200 166
127.0.0.1 - - [07/May/2014:15:49:09 +0800] "GET /ChildhoodMemory/account/register.html HTTP/1.1" 200 2842
127.0.0.1 - - [07/May/2014:15:49:09 +0800] "GET /ChildhoodMemory/js/reg_validate.js HTTP/1.1" 200 1811
127.0.0.1 - - [07/May/2014:15:49:09 +0800] "GET /ChildhoodMemory/phpfile/function.php?id=-1 HTTP/1.1" 200 166
127.0.0.1 - - [07/May/2014:15:49:09 +0800] "GET /ChildhoodMemory/img/cat.jpg HTTP/1.1" 200 154016
127.0.0.1 - - [07/May/2014:15:50:49 +0800] "GET /ChildhoodMemory/account/register.html HTTP/1.1" 304 -
127.0.0.1 - - [07/May/2014:15:50:49 +0800] "GET /ChildhoodMemory/css/bootstrap1.css HTTP/1.1" 304 -
127.0.0.1 - - [07/May/2014:15:50:49 +0800] "GET /ChildhoodMemory/css/custom_register.css HTTP/1.1" 304 -
127.0.0.1 - - [07/May/2014:15:50:49 +0800] "GET /ChildhoodMemory/js/jquery.js HTTP/1.1" 304 -
127.0.0.1 - - [07/May/2014:15:50:49 +0800] "GET /ChildhoodMemory/js/reg_validate.js HTTP/1.1" 304 -
127.0.0.1 - - [07/May/2014:15:50:49 +0800] "GET /ChildhoodMemory/phpfile/function.php?id=-1 HTTP/1.1" 200 166
127.0.0.1 - - [07/May/2014:15:50:49 +0800] "GET /ChildhoodMemory/phpfile/function.php?id=-1 HTTP/1.1" 200 166
127.0.0.1 - - [07/May/2014:15:50:49 +0800] "GET /ChildhoodMemory/img/cat.jpg HTTP/1.1" 304 -
127.0.0.1 - - [07/May/2014:15:50:49 +0800] "GET /ChildhoodMemory/account/register.html HTTP/1.1" 304 -
127.0.0.1 - - [07/May/2014:15:50:49 +0800] "GET /ChildhoodMemory/css/bootstrap1.css HTTP/1.1" 304 -
127.0.0.1 - - [07/May/2014:15:50:49 +0800] "GET /ChildhoodMemory/css/custom_register.css HTTP/1.1" 304 -
127.0.0.1 - - [07/May/2014:15:50:49 +0800] "GET /ChildhoodMemory/js/jquery.js HTTP/1.1" 304 -
127.0.0.1 - - [07/May/2014:15:50:49 +0800] "GET /ChildhoodMemory/js/reg_validate.js HTTP/1.1" 304 -
127.0.0.1 - - [07/May/2014:15:50:49 +0800] "GET /ChildhoodMemory/phpfile/function.php?id=-1 HTTP/1.1" 200 166
127.0.0.1 - - [07/May/2014:15:50:49 +0800] "GET /ChildhoodMemory/img/cat.jpg HTTP/1.1" 304 -
127.0.0.1 - - [07/May/2014:15:50:49 +0800] "GET /ChildhoodMemory/account/register.html HTTP/1.1" 304 -
127.0.0.1 - - [07/May/2014:15:50:49 +0800] "GET /ChildhoodMemory/css/bootstrap1.css HTTP/1.1" 304 -
127.0.0.1 - - [07/May/2014:15:50:49 +0800] "GET /ChildhoodMemory/css/custom_register.css HTTP/1.1" 304 -
127.0.0.1 - - [07/May/2014:15:50:49 +0800] "GET /ChildhoodMemory/js/jquery.js HTTP/1.1" 304 -
127.0.0.1 - - [07/May/2014:15:50:49 +0800] "GET /ChildhoodMemory/js/reg_validate.js HTTP/1.1" 304 -
127.0.0.1 - - [07/May/2014:15:50:49 +0800] "GET /ChildhoodMemory/phpfile/function.php?id=-1 HTTP/1.1" 200 166
127.0.0.1 - - [07/May/2014:15:50:49 +0800] "GET /ChildhoodMemory/phpfile/function.php?id=-1 HTTP/1.1" 200 166
127.0.0.1 - - [07/May/2014:15:50:49 +0800] "GET /ChildhoodMemory/img/cat.jpg HTTP/1.1" 304 -
127.0.0.1 - - [07/May/2014:15:50:49 +0800] "GET /ChildhoodMemory/account/register.html HTTP/1.1" 304 -
127.0.0.1 - - [07/May/2014:15:50:49 +0800] "GET /ChildhoodMemory/css/bootstrap1.css HTTP/1.1" 304 -
127.0.0.1 - - [07/May/2014:15:50:49 +0800] "GET /ChildhoodMemory/css/custom_register.css HTTP/1.1" 304 -
127.0.0.1 - - [07/May/2014:15:50:49 +0800] "GET /ChildhoodMemory/js/jquery.js HTTP/1.1" 304 -
127.0.0.1 - - [07/May/2014:15:50:49 +0800] "GET /ChildhoodMemory/js/reg_validate.js HTTP/1.1" 304 -
127.0.0.1 - - [07/May/2014:15:50:49 +0800] "GET /ChildhoodMemory/phpfile/function.php?id=-1 HTTP/1.1" 200 166
127.0.0.1 - - [07/May/2014:15:50:49 +0800] "GET /ChildhoodMemory/phpfile/function.php?id=-1 HTTP/1.1" 200 166
127.0.0.1 - - [07/May/2014:15:50:49 +0800] "GET /ChildhoodMemory/img/cat.jpg HTTP/1.1" 304 -
127.0.0.1 - - [07/May/2014:15:50:51 +0800] "GET /ChildhoodMemory/phpfile/function.php?id=-1 HTTP/1.1" 200 166
127.0.0.1 - - [07/May/2014:15:50:53 +0800] "GET /ChildhoodMemory/phpfile/function.php?id=0 HTTP/1.1" 200 166
127.0.0.1 - - [07/May/2014:15:50:54 +0800] "GET /ChildhoodMemory/phpfile/function.php?id=1 HTTP/1.1" 200 166
127.0.0.1 - - [07/May/2014:15:50:57 +0800] "GET /ChildhoodMemory/js/jquery-1.10.2.min.map HTTP/1.1" 404 238
127.0.0.1 - - [07/May/2014:15:51:41 +0800] "GET /ChildhoodMemory/account/login.html HTTP/1.1" 304 -
127.0.0.1 - - [07/May/2014:15:51:41 +0800] "GET /ChildhoodMemory/css/bootstrap1.css HTTP/1.1" 304 -
127.0.0.1 - - [07/May/2014:15:51:41 +0800] "GET /ChildhoodMemory/css/custom_register.css HTTP/1.1" 304 -